O Git é uma ferramenta de controle de versão. Imagine que ele é uma "máquina do tempo" para o seu código. Ele roda localmente no seu computador e permite que você salve versões do seu projeto conforme ele evolui.

Onde fica: No seu computador (local).
Função: Registrar alterações, criar ramificações (branches) para testar novas ideias e reverter erros.
Interface: Geralmente utilizado via linha de comando (Terminal).

O GitHub é uma plataforma de hospedagem na nuvem que utiliza o Git. Ele funciona como uma "rede social" para programadores, onde você pode guardar seus projetos (repositórios) online e colaborar com outras pessoas.

Onde fica: Na internet (remoto).
Função: Armazenar seus códigos de forma segura, permitir colaboração em equipe, revisão de código e gerenciamento de projetos.
Interface: Interface gráfica amigável acessada pelo navegador.

Dica Pro: Você não precisa do GitHub para usar o Git, mas o GitHub torna o uso do Git muito mais poderoso para o trabalho em equipe e para construir seu portfólio profissional!


----------------------x---------------------------------x-----------------------------x-------------------------------
                                                    Comandos 
----------------------x---------------------------------x-----------------------------x-------------------------------

git clone (ling do repositórios faz um clone)
Exemplo: git clone https://github.com/rodrigoalura87/numero-secreto.git

----------------------x---------------------------------x-----------------------------x-------------------------------

git log => Mostra o histórico de commit
Exemplo: PS C:\mariotec\Carreira_Alura Desenvolvimento Back-End Python\Módulo 01_Pensamento_Computacional> git log git log
*Saídas no Terminal*
commit 2d4cdfd88dc6ba7d9e0e762dfc656e7bdd01cafc (HEAD -> main, origin/main)
Author: MarioTecUfob <mariotecnovaes587@gmail.com>
Date:   Mon Jan 26 08:55:54 2026 -0300
----------------------x---------------------------------x-----------------------------x-------------------------------
git status => Mostra na tela as informações das alterações que foram realizadas, midificados e qual deve ser adiciondo
Exemplo: PS C:\mariotec\Carreira_Alura Desenvolvimento Back-End Python\Módulo 01_Pensamento_Computacional> git status
*Saídas no Terminal*
On branch main
Your branch is up to date with 'origin/main'.

Untracked files:
  (use "git add <file>..." to include in what will be committed)
        Git e Github/
        numero-secreto/

nothing added to commit but untracked files present (use "git add" to track)
----------------------x---------------------------------x-----------------------------x-------------------------------
Exemplo: PS C:\mariotec\Carreira_Alura Desenvolvimento Back-End Python\Módulo 01_Pensamento_Computacional> git add .
git add . => adiciona todos os arquivos para commit
----------------------x---------------------------------x-----------------------------x-------------------------------
git commit -m "descrição da mensagem" = > Regista cada versão do sistema
Exemplo: PS C:\mariotec\Carreira_Alura Desenvolvimento Back-End Python\Módulo 01_Pensamento_Computacional> git commit -m "Alterando o número de 40 para 100"
*Saídas no Terminal*
[main d2aaca3] Alterando o número de 40 para 100
 2 files changed, 45 insertions(+)
 create mode 100644 Git e Github/sobre.txt
 create mode 160000 numero-secreto
 create mode 160000 numero-secreto
 create mode 160000 numero-secreto
 create mode 160000 numero-secreto
 ----------------------x---------------------------------x-----------------------------x-------------------------------
DICAAAAAAAAAAAAAAAAAA


M: A letra M representa o estado Modified, do português modificado. Isso significa que o arquivo já existia no repositório, mas que recebeu alguma modificação que ainda não foi registrada no Git.

U: A letra U representa o estado Untracked, do português não rastreado. Isso significa que o arquivo ainda não existia no repositório e que ainda não teve seu registro (commit) feito no Git.

Apesar de não existir uma regra universal para a escrita das mensagens de commit, algumas boas práticas podem ser seguidas para garantir que outras pessoas, e até mesmo você no futuro, entendam que alterações foram feitas e por quê.

As mensagens dos commits devem ser simples e objetivas. A seguir, listamos algumas orientações para isso:

Mantenha a mensagem curta e concisa: A primeira linha da mensagem deve conter, no máximo, 72 caracteres. Caso seja necessário uma descrição adicional, você deve pular uma linha e adicionar os detalhes, como o contexto, da mudança realizada.

Uso de verbo no infinitivo: É comum que a mensagem do commit inicie com um verbo no infinitivo que descreva a alteração feita, como “adicionar”, “corrigir” ou “atualizar”. Em sequência, são adicionados detalhes concisos da mudança. Por exemplo: “Atualizar texto do título da página”.

Evite detalhes técnicos: Não inclua detalhes técnicos complexos na mensagem de commit. Esses detalhes podem ser adicionados nos comentários de código ou na documentação.

É importante ter em mente que a mensagem do commit é uma forma de documentação do histórico das mudanças que ocorreram ao longo do código. A pessoa que ler essa mensagem pode não ter conhecimento do contexto original. Assim, garanta que suas mensagens de commit tenham clareza e sejam suficientemente descritivas.
 ----------------------x---------------------------------x-----------------------------x-------------------------------
 #LEMBRETE 
 Um commit deve ser realizado sempre que você finalizar uma tarefa específica ou resolver algum bug. Isso mantém o histórico de commits claro e rastreável, de modo que seja possível entender o que foi feito em cada commit.

Assim, é importante realizar commits frequentemente. Porém, evite realizar commits muito pequenos ou muito grandes, pois isso pode tornar difícil o seu entendimento.

Lembre-se de nunca realizar um commit de um código que você sabe que contém bugs. O ideal é que o commit contenha somente código funciona

lINK PARA LEITURA: https://git-scm.com/book/pt-br/v2/Come%C3%A7ando-O-B%C3%A1sico-do-Git
 ----------------------x---------------------------------x-----------------------------x-------------------------------
 git remote => Lista os repositórios remotos
Exemplo: PS C:\mariotec\Carreira_Alura Desenvolvimento Back-End Python\Módulo 01_Pensamento_Computacional> git remote
*Saídas no Terminal*
tem como saída o: origin
 
*origin é o nome que o GitHub atribui quando fazemos o clone, é como se referisse a origem do repositório.
 git push origin main =>

----------------------x---------------------------------x-----------------------------x-------------------------------
git push origin main => Envia os commites do repositório local ao repositório remoto no GitHub, mandando para branche original
 Exemplo: PS C:\mariotec\Carreira_Alura Desenvolvimento Back-End Python\Módulo 01_Pensamento_Computacional> git push origin main
 *Saídas no Terminal*
 Enumerating objects: 5, done.
Counting objects: 100% (5/5), done.
Delta compression using up to 8 threads
Compressing objects: 100% (3/3), done.
Writing objects: 100% (4/4), 1.50 KiB | 1.50 MiB/s, done.
Total 4 (delta 1), reused 0 (delta 0), pack-reused 0 (from 0)
remote: Resolving deltas: 100% (1/1), completed with 1 local object.
To https://github.com/MarioTecUfob/curso-python.git
   2d4cdfd..d2aaca3  main -> main
----------------------x---------------------------------x-----------------------------x-------------------------------

 Exemplo: PS C:\mariotec\Carreira_Alura Desenvolvimento Back-End Python\Módulo 01_Pensamento_Computacional> git remote